python : 2025-12-04 
10:08:08,552 [INFO] Running 
transformation...
At line:1 char:25
+ .venv\Scripts\activate; 
python test_dept_upsert.py 
2>&1 | Out-File -F ...
+                         ~~~
~~~~~~~~~~~~~~~~~~~~~~~~~~~~
    + CategoryInfo           
   : NotSpecified: (2025-12  
  -04 10:0...ansformation.   
 ..:String) [], RemoteExc    
eption
    + FullyQualifiedErrorId  
   : NativeCommandError
 
2025-12-04 10:08:08,552 
[INFO] ===== STARTING 
TRANSFORMATION =====
2025-12-04 10:08:08,553 
[INFO] Loading file: datasets
\employee_202510161125.csv
2025-12-04 10:08:08,596 
[INFO] Loading file: datasets
\timesheet_202509151540.csv
2025-12-04 10:08:09,856 
[INFO] Loading file: datasets
\timesheet_202510161121.csv
2025-12-04 10:08:10,024 
[INFO] Loading file: datasets
\timesheet_202510161122.csv
2025-12-04 10:08:10,201 
[INFO] Loading file: datasets
\timesheet_202510161124.csv
2025-12-04 10:08:11,300 
[INFO] ===== TRANSFORMATION 
COMPLETED =====
2025-12-04 10:08:11,312 
[INFO] 
Department DataFrame shape: 
(38, 6)
2025-12-04 10:08:11,312 
[INFO] 
Department DataFrame 
columns: ['department_key', 
'department_id', 
'department_name', 
'is_active', 'start_date', 
'end_date']
2025-12-04 10:08:11,318 
[INFO] 
Department DataFrame head:
   department_key 
department_id  ... 
start_date  end_date
0               1         
72800  ... 2025-12-04      
None
1               2        
214638  ... 2025-12-04      
None
2               3         
72300  ... 2025-12-04      
None
3               4         
63200  ... 2025-12-04      
None
4               5        
220537  ... 2025-12-04      
None

[5 rows x 6 columns]
2025-12-04 10:08:11,319 
[INFO] 
Department DataFrame dtypes:
department_key              
int64
department_id              
object
department_name            
object
is_active                    
bool
start_date         
datetime64[ns]
end_date                   
object
dtype: object
2025-12-04 10:08:11,319 
[INFO] 
'is_active' column unique 
values: [ True]
2025-12-04 10:08:11,319 
[INFO] 'is_active' column 
dtype: bool
2025-12-04 10:08:11,319 
[INFO] 
Attempting upsert...
2025-12-04 10:08:11,380 
[ERROR] \u274c Upsert 
failed: (psycopg2.errors.Data
typeMismatch) column 
"is_active" is of type 
integer but expression is of 
type boolean
LINE 1: ...e, end_date) 
VALUES (1, '72800', 
'72800-CT Scan', true, 
'202...
                             
                             
   ^
HINT:  You will need to 
rewrite or cast the 
expression.

[SQL: INSERT INTO 
dim_department 
(department_key, 
department_id, 
department_name, is_active, 
start_date, end_date) VALUES 
(%(department_key_m0)s, 
%(department_id_m0)s, 
%(department_name_m0)s, 
%(is_active_m0)s, 
%(start_date_m0)s, 
%(end_date_m0)s), 
(%(department_key_m1)s, 
%(department_id_m1)s, 
%(department_name_m1)s, 
%(is_active_m1)s, 
%(start_date_m1)s, 
%(end_date_m1)s), 
(%(department_key_m2)s, 
%(department_id_m2)s, 
%(department_name_m2)s, 
%(is_active_m2)s, 
%(start_date_m2)s, 
%(end_date_m2)s), 
(%(department_key_m3)s, 
%(department_id_m3)s, 
%(department_name_m3)s, 
%(is_active_m3)s, 
%(start_date_m3)s, 
%(end_date_m3)s), 
(%(department_key_m4)s, 
%(department_id_m4)s, 
%(department_name_m4)s, 
%(is_active_m4)s, 
%(start_date_m4)s, 
%(end_date_m4)s), 
(%(department_key_m5)s, 
%(department_id_m5)s, 
%(department_name_m5)s, 
%(is_active_m5)s, 
%(start_date_m5)s, 
%(end_date_m5)s), 
(%(department_key_m6)s, 
%(department_id_m6)s, 
%(department_name_m6)s, 
%(is_active_m6)s, 
%(start_date_m6)s, 
%(end_date_m6)s), 
(%(department_key_m7)s, 
%(department_id_m7)s, 
%(department_name_m7)s, 
%(is_active_m7)s, 
%(start_date_m7)s, 
%(end_date_m7)s), 
(%(department_key_m8)s, 
%(department_id_m8)s, 
%(department_name_m8)s, 
%(is_active_m8)s, 
%(start_date_m8)s, 
%(end_date_m8)s), 
(%(department_key_m9)s, 
%(department_id_m9)s, 
%(department_name_m9)s, 
%(is_active_m9)s, 
%(start_date_m9)s, 
%(end_date_m9)s), 
(%(department_key_m10)s, 
%(department_id_m10)s, 
%(department_name_m10)s, 
%(is_active_m10)s, 
%(start_date_m10)s, 
%(end_date_m10)s), 
(%(department_key_m11)s, 
%(department_id_m11)s, 
%(department_name_m11)s, 
%(is_active_m11)s, 
%(start_date_m11)s, 
%(end_date_m11)s), 
(%(department_key_m12)s, 
%(department_id_m12)s, 
%(department_name_m12)s, 
%(is_active_m12)s, 
%(start_date_m12)s, 
%(end_date_m12)s), 
(%(department_key_m13)s, 
%(department_id_m13)s, 
%(department_name_m13)s, 
%(is_active_m13)s, 
%(start_date_m13)s, 
%(end_date_m13)s), 
(%(department_key_m14)s, 
%(department_id_m14)s, 
%(department_name_m14)s, 
%(is_active_m14)s, 
%(start_date_m14)s, 
%(end_date_m14)s), 
(%(department_key_m15)s, 
%(department_id_m15)s, 
%(department_name_m15)s, 
%(is_active_m15)s, 
%(start_date_m15)s, 
%(end_date_m15)s), 
(%(department_key_m16)s, 
%(department_id_m16)s, 
%(department_name_m16)s, 
%(is_active_m16)s, 
%(start_date_m16)s, 
%(end_date_m16)s), 
(%(department_key_m17)s, 
%(department_id_m17)s, 
%(department_name_m17)s, 
%(is_active_m17)s, 
%(start_date_m17)s, 
%(end_date_m17)s), 
(%(department_key_m18)s, 
%(department_id_m18)s, 
%(department_name_m18)s, 
%(is_active_m18)s, 
%(start_date_m18)s, 
%(end_date_m18)s), 
(%(department_key_m19)s, 
%(department_id_m19)s, 
%(department_name_m19)s, 
%(is_active_m19)s, 
%(start_date_m19)s, 
%(end_date_m19)s), 
(%(department_key_m20)s, 
%(department_id_m20)s, 
%(department_name_m20)s, 
%(is_active_m20)s, 
%(start_date_m20)s, 
%(end_date_m20)s), 
(%(department_key_m21)s, 
%(department_id_m21)s, 
%(department_name_m21)s, 
%(is_active_m21)s, 
%(start_date_m21)s, 
%(end_date_m21)s), 
(%(department_key_m22)s, 
%(department_id_m22)s, 
%(department_name_m22)s, 
%(is_active_m22)s, 
%(start_date_m22)s, 
%(end_date_m22)s), 
(%(department_key_m23)s, 
%(department_id_m23)s, 
%(department_name_m23)s, 
%(is_active_m23)s, 
%(start_date_m23)s, 
%(end_date_m23)s), 
(%(department_key_m24)s, 
%(department_id_m24)s, 
%(department_name_m24)s, 
%(is_active_m24)s, 
%(start_date_m24)s, 
%(end_date_m24)s), 
(%(department_key_m25)s, 
%(department_id_m25)s, 
%(department_name_m25)s, 
%(is_active_m25)s, 
%(start_date_m25)s, 
%(end_date_m25)s), 
(%(department_key_m26)s, 
%(department_id_m26)s, 
%(department_name_m26)s, 
%(is_active_m26)s, 
%(start_date_m26)s, 
%(end_date_m26)s), 
(%(department_key_m27)s, 
%(department_id_m27)s, 
%(department_name_m27)s, 
%(is_active_m27)s, 
%(start_date_m27)s, 
%(end_date_m27)s), 
(%(department_key_m28)s, 
%(department_id_m28)s, 
%(department_name_m28)s, 
%(is_active_m28)s, 
%(start_date_m28)s, 
%(end_date_m28)s), 
(%(department_key_m29)s, 
%(department_id_m29)s, 
%(department_name_m29)s, 
%(is_active_m29)s, 
%(start_date_m29)s, 
%(end_date_m29)s), 
(%(department_key_m30)s, 
%(department_id_m30)s, 
%(department_name_m30)s, 
%(is_active_m30)s, 
%(start_date_m30)s, 
%(end_date_m30)s), 
(%(department_key_m31)s, 
%(department_id_m31)s, 
%(department_name_m31)s, 
%(is_active_m31)s, 
%(start_date_m31)s, 
%(end_date_m31)s), 
(%(department_key_m32)s, 
%(department_id_m32)s, 
%(department_name_m32)s, 
%(is_active_m32)s, 
%(start_date_m32)s, 
%(end_date_m32)s), 
(%(department_key_m33)s, 
%(department_id_m33)s, 
%(department_name_m33)s, 
%(is_active_m33)s, 
%(start_date_m33)s, 
%(end_date_m33)s), 
(%(department_key_m34)s, 
%(department_id_m34)s, 
%(department_name_m34)s, 
%(is_active_m34)s, 
%(start_date_m34)s, 
%(end_date_m34)s), 
(%(department_key_m35)s, 
%(department_id_m35)s, 
%(department_name_m35)s, 
%(is_active_m35)s, 
%(start_date_m35)s, 
%(end_date_m35)s), 
(%(department_key_m36)s, 
%(department_id_m36)s, 
%(department_name_m36)s, 
%(is_active_m36)s, 
%(start_date_m36)s, 
%(end_date_m36)s), 
(%(department_key_m37)s, 
%(department_id_m37)s, 
%(department_name_m37)s, 
%(is_active_m37)s, 
%(start_date_m37)s, 
%(end_date_m37)s) ON 
CONFLICT (department_key) DO 
UPDATE SET department_id = 
excluded.department_id, 
department_name = 
excluded.department_name, 
is_active = 
excluded.is_active, 
start_date = 
excluded.start_date, 
end_date = excluded.end_date]
[parameters: 
{'department_key_m0': 1, 
'department_id_m0': '72800', 
'department_name_m0': 
'72800-CT Scan', 
'is_active_m0': True, 
'start_date_m0': 
Timestamp('2025-12-04 
00:00:00'), 'end_date_m0': 
None, 'department_key_m1': 
2, 'department_id_m1': 
'214638', 
'department_name_m1': 
'214638-Clinical Scheduler 
Law Hospice', 
'is_active_m1': True, 
'start_date_m1': 
Timestamp('2025-12-04 
00:00:00'), 'end_date_m1': 
None, 'department_key_m2': 
3, 'department_id_m2': 
'72300', 
'department_name_m2': 
'72300-Ultrasound', 
'is_active_m2': True, 
'start_date_m2': 
Timestamp('2025-12-04 
00:00:00'), 'end_date_m2': 
None, 'department_key_m3': 
4, 'department_id_m3': 
'63200', 
'department_name_m3': 
'63200-Medical Surgical Unit 
2', 'is_active_m3': True, 
'start_date_m3': 
Timestamp('2025-12-04 
00:00:00'), 'end_date_m3': 
None, 'department_key_m4': 
5, 'department_id_m4': 
'220537', 
'department_name_m4': 
'220537-Clinical Coordinator 
Law Home Health', 
'is_active_m4': True, 
'start_date_m4': 
Timestamp('2025-12-04 
00:00:00'), 'end_date_m4': 
None, 'department_key_m5': 
6, 'department_id_m5': 
'61100', 
'department_name_m5': 
'61100-Intensive Care Unit', 
'is_active_m5': True, 
'start_date_m5': 
Timestamp('2025-12-04 
00:00:00'), 'end_date_m5': 
None, 'department_key_m6': 
7, 'department_id_m6': 
'236082', 
'department_name_m6': 
'236082-Home Health Aide 
Lowell', 'is_active_m6': 
True, 'start_date_m6': 
Timestamp('2025-12-04 
00:00:00'), 'end_date_m6': 
None, 'department_key_m7': 
8, 'department_id_m7': 
'71200', 
'department_name_m7': 
'71200-Cardiology', 
'is_active_m7': True, 
'start_date_m7': 
Timestamp('2025-12-04 
00:00:00'), 'end_date_m7': 
None, 'department_key_m8': 
9, 'department_id_m8': 
'75000' ... 128 parameters 
truncated ... 
'start_date_m29': 
Timestamp('2025-12-04 
00:00:00'), 'end_date_m29': 
None, 'department_key_m30': 
31, 'department_id_m30': 
'241037', 
'department_name_m30': 
'241037-RN Law Home Health', 
'is_active_m30': True, 
'start_date_m30': 
Timestamp('2025-12-04 
00:00:00'), 'end_date_m30': 
None, 'department_key_m31': 
32, 'department_id_m31': 
'98230', 
'department_name_m31': 
'98230-Urgent Care 
Tewksbury', 'is_active_m31': 
True, 'start_date_m31': 
Timestamp('2025-12-04 
00:00:00'), 'end_date_m31': 
None, 'department_key_m32': 
33, 'department_id_m32': 
'69200', 
'department_name_m32': 
'69200-Operating Room', 
'is_active_m32': True, 
'start_date_m32': 
Timestamp('2025-12-04 
00:00:00'), 'end_date_m32': 
None, 'department_key_m33': 
34, 'department_id_m33': 
'73480', 
'department_name_m33': 
'73480-Sleep Lab LSC', 
'is_active_m33': True, 
'start_date_m33': 
Timestamp('2025-12-04 
00:00:00'), 'end_date_m33': 
None, 'department_key_m34': 
35, 'department_id_m34': 
'60900', 
'department_name_m34': 
'60900-Special Care 
Nursery', 'is_active_m34': 
True, 'start_date_m34': 
Timestamp('2025-12-04 
00:00:00'), 'end_date_m34': 
None, 'department_key_m35': 
36, 'department_id_m35': 
'72640', 
'department_name_m35': 
'72640-Anticoagulation 
Services', 'is_active_m35': 
True, 'start_date_m35': 
Timestamp('2025-12-04 
00:00:00'), 'end_date_m35': 
None, 'department_key_m36': 
37, 'department_id_m36': 
'60700', 
'department_name_m36': 
'60700-Mother-Infant Unit', 
'is_active_m36': True, 
'start_date_m36': 
Timestamp('2025-12-04 
00:00:00'), 'end_date_m36': 
None, 'department_key_m37': 
38, 'department_id_m37': 
'73600', 
'department_name_m37': 
'73600-Respiratory Therapy', 
'is_active_m37': True, 
'start_date_m37': 
Timestamp('2025-12-04 
00:00:00'), 'end_date_m37': 
None}]
(Background on this error 
at: https://sqlalche.me/e/20/
f405)
Traceback (most recent call 
last):
  File "C:\Leapfrog\etl-insig
hts\.venv\Lib\site-packages\s
qlalchemy\engine\base.py", 
line 1967, in 
_exec_single_context
    self.dialect.do_execute(
    ~~~~~~~~~~~~~~~~~~~~~~~^
        cursor, 
str_statement, 
effective_parameters, context
        ^^^^^^^^^^^^^^^^^^^^^
^^^^^^^^^^^^^^^^^^^^^^^^^^^^^
^^
    )
    ^
  File "C:\Leapfrog\etl-insig
hts\.venv\Lib\site-packages\s
qlalchemy\engine\default.py",
 line 951, in do_execute
    
cursor.execute(statement, 
parameters)
    ~~~~~~~~~~~~~~^^^^^^^^^^^
^^^^^^^^^^^^
psycopg2.errors.DatatypeMisma
tch: column "is_active" is 
of type integer but 
expression is of type boolean
LINE 1: ...e, end_date) 
VALUES (1, '72800', 
'72800-CT Scan', true, 
'202...
                             
                             
   ^
HINT:  You will need to 
rewrite or cast the 
expression.


The above exception was the 
direct cause of the 
following exception:

Traceback (most recent call 
last):
  File "C:\Leapfrog\etl-insig
hts\test_dept_upsert.py", 
line 31, in <module>
    
upsert_dataframe(df_dept, 
DimDepartment, session, 
key_cols=["department_key"])
    ~~~~~~~~~~~~~~~~^^^^^^^^^
^^^^^^^^^^^^^^^^^^^^^^^^^^^^^
^^^^^^^^^^^^^^^^^^^^^^^^
  File "C:\Leapfrog\etl-insig
hts\db\db_utils.py", line 
62, in upsert_dataframe
    session.execute(stmt)
    ~~~~~~~~~~~~~~~^^^^^^
  File "C:\Leapfrog\etl-insig
hts\.venv\Lib\site-packages\s
qlalchemy\orm\session.py", 
line 2351, in execute
    return 
self._execute_internal(
           
~~~~~~~~~~~~~~~~~~~~~~^
        statement,
        ^^^^^^^^^^
    ...<4 lines>...
        
_add_event=_add_event,
        
^^^^^^^^^^^^^^^^^^^^^^
    )
    ^
  File "C:\Leapfrog\etl-insig
hts\.venv\Lib\site-packages\s
qlalchemy\orm\session.py", 
line 2249, in 
_execute_internal
    result: Result[Any] = com
pile_state_cls.orm_execute_st
atement(
                          ~~~
~~~~~~~~~~~~~~~~~~~~~~~~~~~~~
~~~~~~~^
        self,
        ^^^^^
    ...<4 lines>...
        conn,
        ^^^^^
    )
    ^
  File "C:\Leapfrog\etl-insig
hts\.venv\Lib\site-packages\s
qlalchemy\orm\bulk_persistenc
e.py", line 1306, in 
orm_execute_statement
    result = conn.execute(
        statement, params or 
{}, execution_options=executi
on_options
    )
  File "C:\Leapfrog\etl-insig
hts\.venv\Lib\site-packages\s
qlalchemy\engine\base.py", 
line 1419, in execute
    return meth(
        self,
        distilled_parameters,
        execution_options or 
NO_OPTIONS,
    )
  File "C:\Leapfrog\etl-insig
hts\.venv\Lib\site-packages\s
qlalchemy\sql\elements.py", 
line 526, in 
_execute_on_connection
    return connection._execut
e_clauseelement(
           ~~~~~~~~~~~~~~~~~~
~~~~~~~~~~~~~~~^
        self, 
distilled_params, 
execution_options
        ^^^^^^^^^^^^^^^^^^^^^
^^^^^^^^^^^^^^^^^^^^
    )
    ^
  File "C:\Leapfrog\etl-insig
hts\.venv\Lib\site-packages\s
qlalchemy\engine\base.py", 
line 1641, in 
_execute_clauseelement
    ret = 
self._execute_context(
        dialect,
    ...<8 lines>...
        cache_hit=cache_hit,
    )
  File "C:\Leapfrog\etl-insig
hts\.venv\Lib\site-packages\s
qlalchemy\engine\base.py", 
line 1846, in 
_execute_context
    return 
self._exec_single_context(
           
~~~~~~~~~~~~~~~~~~~~~~~~~^
        dialect, context, 
statement, parameters
        ^^^^^^^^^^^^^^^^^^^^^
^^^^^^^^^^^^^^^^^^
    )
    ^
  File "C:\Leapfrog\etl-insig
hts\.venv\Lib\site-packages\s
qlalchemy\engine\base.py", 
line 1986, in 
_exec_single_context
    
self._handle_dbapi_exception(
    
~~~~~~~~~~~~~~~~~~~~~~~~~~~~^
        e, str_statement, 
effective_parameters, 
cursor, context
        ^^^^^^^^^^^^^^^^^^^^^
^^^^^^^^^^^^^^^^^^^^^^^^^^^^^
^^^^^
    )
    ^
  File "C:\Leapfrog\etl-insig
hts\.venv\Lib\site-packages\s
qlalchemy\engine\base.py", 
line 2355, in 
_handle_dbapi_exception
    raise sqlalchemy_exceptio
n.with_traceback(exc_info[2])
 from e
  File "C:\Leapfrog\etl-insig
hts\.venv\Lib\site-packages\s
qlalchemy\engine\base.py", 
line 1967, in 
_exec_single_context
    self.dialect.do_execute(
    ~~~~~~~~~~~~~~~~~~~~~~~^
        cursor, 
str_statement, 
effective_parameters, context
        ^^^^^^^^^^^^^^^^^^^^^
^^^^^^^^^^^^^^^^^^^^^^^^^^^^^
^^
    )
    ^
  File "C:\Leapfrog\etl-insig
hts\.venv\Lib\site-packages\s
qlalchemy\engine\default.py",
 line 951, in do_execute
    
cursor.execute(statement, 
parameters)
    ~~~~~~~~~~~~~~^^^^^^^^^^^
^^^^^^^^^^^^
sqlalchemy.exc.ProgrammingErr
or: (psycopg2.errors.Datatype
Mismatch) column "is_active" 
is of type integer but 
expression is of type boolean
LINE 1: ...e, end_date) 
VALUES (1, '72800', 
'72800-CT Scan', true, 
'202...
                             
                             
   ^
HINT:  You will need to 
rewrite or cast the 
expression.

[SQL: INSERT INTO 
dim_department 
(department_key, 
department_id, 
department_name, is_active, 
start_date, end_date) VALUES 
(%(department_key_m0)s, 
%(department_id_m0)s, 
%(department_name_m0)s, 
%(is_active_m0)s, 
%(start_date_m0)s, 
%(end_date_m0)s), 
(%(department_key_m1)s, 
%(department_id_m1)s, 
%(department_name_m1)s, 
%(is_active_m1)s, 
%(start_date_m1)s, 
%(end_date_m1)s), 
(%(department_key_m2)s, 
%(department_id_m2)s, 
%(department_name_m2)s, 
%(is_active_m2)s, 
%(start_date_m2)s, 
%(end_date_m2)s), 
(%(department_key_m3)s, 
%(department_id_m3)s, 
%(department_name_m3)s, 
%(is_active_m3)s, 
%(start_date_m3)s, 
%(end_date_m3)s), 
(%(department_key_m4)s, 
%(department_id_m4)s, 
%(department_name_m4)s, 
%(is_active_m4)s, 
%(start_date_m4)s, 
%(end_date_m4)s), 
(%(department_key_m5)s, 
%(department_id_m5)s, 
%(department_name_m5)s, 
%(is_active_m5)s, 
%(start_date_m5)s, 
%(end_date_m5)s), 
(%(department_key_m6)s, 
%(department_id_m6)s, 
%(department_name_m6)s, 
%(is_active_m6)s, 
%(start_date_m6)s, 
%(end_date_m6)s), 
(%(department_key_m7)s, 
%(department_id_m7)s, 
%(department_name_m7)s, 
%(is_active_m7)s, 
%(start_date_m7)s, 
%(end_date_m7)s), 
(%(department_key_m8)s, 
%(department_id_m8)s, 
%(department_name_m8)s, 
%(is_active_m8)s, 
%(start_date_m8)s, 
%(end_date_m8)s), 
(%(department_key_m9)s, 
%(department_id_m9)s, 
%(department_name_m9)s, 
%(is_active_m9)s, 
%(start_date_m9)s, 
%(end_date_m9)s), 
(%(department_key_m10)s, 
%(department_id_m10)s, 
%(department_name_m10)s, 
%(is_active_m10)s, 
%(start_date_m10)s, 
%(end_date_m10)s), 
(%(department_key_m11)s, 
%(department_id_m11)s, 
%(department_name_m11)s, 
%(is_active_m11)s, 
%(start_date_m11)s, 
%(end_date_m11)s), 
(%(department_key_m12)s, 
%(department_id_m12)s, 
%(department_name_m12)s, 
%(is_active_m12)s, 
%(start_date_m12)s, 
%(end_date_m12)s), 
(%(department_key_m13)s, 
%(department_id_m13)s, 
%(department_name_m13)s, 
%(is_active_m13)s, 
%(start_date_m13)s, 
%(end_date_m13)s), 
(%(department_key_m14)s, 
%(department_id_m14)s, 
%(department_name_m14)s, 
%(is_active_m14)s, 
%(start_date_m14)s, 
%(end_date_m14)s), 
(%(department_key_m15)s, 
%(department_id_m15)s, 
%(department_name_m15)s, 
%(is_active_m15)s, 
%(start_date_m15)s, 
%(end_date_m15)s), 
(%(department_key_m16)s, 
%(department_id_m16)s, 
%(department_name_m16)s, 
%(is_active_m16)s, 
%(start_date_m16)s, 
%(end_date_m16)s), 
(%(department_key_m17)s, 
%(department_id_m17)s, 
%(department_name_m17)s, 
%(is_active_m17)s, 
%(start_date_m17)s, 
%(end_date_m17)s), 
(%(department_key_m18)s, 
%(department_id_m18)s, 
%(department_name_m18)s, 
%(is_active_m18)s, 
%(start_date_m18)s, 
%(end_date_m18)s), 
(%(department_key_m19)s, 
%(department_id_m19)s, 
%(department_name_m19)s, 
%(is_active_m19)s, 
%(start_date_m19)s, 
%(end_date_m19)s), 
(%(department_key_m20)s, 
%(department_id_m20)s, 
%(department_name_m20)s, 
%(is_active_m20)s, 
%(start_date_m20)s, 
%(end_date_m20)s), 
(%(department_key_m21)s, 
%(department_id_m21)s, 
%(department_name_m21)s, 
%(is_active_m21)s, 
%(start_date_m21)s, 
%(end_date_m21)s), 
(%(department_key_m22)s, 
%(department_id_m22)s, 
%(department_name_m22)s, 
%(is_active_m22)s, 
%(start_date_m22)s, 
%(end_date_m22)s), 
(%(department_key_m23)s, 
%(department_id_m23)s, 
%(department_name_m23)s, 
%(is_active_m23)s, 
%(start_date_m23)s, 
%(end_date_m23)s), 
(%(department_key_m24)s, 
%(department_id_m24)s, 
%(department_name_m24)s, 
%(is_active_m24)s, 
%(start_date_m24)s, 
%(end_date_m24)s), 
(%(department_key_m25)s, 
%(department_id_m25)s, 
%(department_name_m25)s, 
%(is_active_m25)s, 
%(start_date_m25)s, 
%(end_date_m25)s), 
(%(department_key_m26)s, 
%(department_id_m26)s, 
%(department_name_m26)s, 
%(is_active_m26)s, 
%(start_date_m26)s, 
%(end_date_m26)s), 
(%(department_key_m27)s, 
%(department_id_m27)s, 
%(department_name_m27)s, 
%(is_active_m27)s, 
%(start_date_m27)s, 
%(end_date_m27)s), 
(%(department_key_m28)s, 
%(department_id_m28)s, 
%(department_name_m28)s, 
%(is_active_m28)s, 
%(start_date_m28)s, 
%(end_date_m28)s), 
(%(department_key_m29)s, 
%(department_id_m29)s, 
%(department_name_m29)s, 
%(is_active_m29)s, 
%(start_date_m29)s, 
%(end_date_m29)s), 
(%(department_key_m30)s, 
%(department_id_m30)s, 
%(department_name_m30)s, 
%(is_active_m30)s, 
%(start_date_m30)s, 
%(end_date_m30)s), 
(%(department_key_m31)s, 
%(department_id_m31)s, 
%(department_name_m31)s, 
%(is_active_m31)s, 
%(start_date_m31)s, 
%(end_date_m31)s), 
(%(department_key_m32)s, 
%(department_id_m32)s, 
%(department_name_m32)s, 
%(is_active_m32)s, 
%(start_date_m32)s, 
%(end_date_m32)s), 
(%(department_key_m33)s, 
%(department_id_m33)s, 
%(department_name_m33)s, 
%(is_active_m33)s, 
%(start_date_m33)s, 
%(end_date_m33)s), 
(%(department_key_m34)s, 
%(department_id_m34)s, 
%(department_name_m34)s, 
%(is_active_m34)s, 
%(start_date_m34)s, 
%(end_date_m34)s), 
(%(department_key_m35)s, 
%(department_id_m35)s, 
%(department_name_m35)s, 
%(is_active_m35)s, 
%(start_date_m35)s, 
%(end_date_m35)s), 
(%(department_key_m36)s, 
%(department_id_m36)s, 
%(department_name_m36)s, 
%(is_active_m36)s, 
%(start_date_m36)s, 
%(end_date_m36)s), 
(%(department_key_m37)s, 
%(department_id_m37)s, 
%(department_name_m37)s, 
%(is_active_m37)s, 
%(start_date_m37)s, 
%(end_date_m37)s) ON 
CONFLICT (department_key) DO 
UPDATE SET department_id = 
excluded.department_id, 
department_name = 
excluded.department_name, 
is_active = 
excluded.is_active, 
start_date = 
excluded.start_date, 
end_date = excluded.end_date]
[parameters: 
{'department_key_m0': 1, 
'department_id_m0': '72800', 
'department_name_m0': 
'72800-CT Scan', 
'is_active_m0': True, 
'start_date_m0': 
Timestamp('2025-12-04 
00:00:00'), 'end_date_m0': 
None, 'department_key_m1': 
2, 'department_id_m1': 
'214638', 
'department_name_m1': 
'214638-Clinical Scheduler 
Law Hospice', 
'is_active_m1': True, 
'start_date_m1': 
Timestamp('2025-12-04 
00:00:00'), 'end_date_m1': 
None, 'department_key_m2': 
3, 'department_id_m2': 
'72300', 
'department_name_m2': 
'72300-Ultrasound', 
'is_active_m2': True, 
'start_date_m2': 
Timestamp('2025-12-04 
00:00:00'), 'end_date_m2': 
None, 'department_key_m3': 
4, 'department_id_m3': 
'63200', 
'department_name_m3': 
'63200-Medical Surgical Unit 
2', 'is_active_m3': True, 
'start_date_m3': 
Timestamp('2025-12-04 
00:00:00'), 'end_date_m3': 
None, 'department_key_m4': 
5, 'department_id_m4': 
'220537', 
'department_name_m4': 
'220537-Clinical Coordinator 
Law Home Health', 
'is_active_m4': True, 
'start_date_m4': 
Timestamp('2025-12-04 
00:00:00'), 'end_date_m4': 
None, 'department_key_m5': 
6, 'department_id_m5': 
'61100', 
'department_name_m5': 
'61100-Intensive Care Unit', 
'is_active_m5': True, 
'start_date_m5': 
Timestamp('2025-12-04 
00:00:00'), 'end_date_m5': 
None, 'department_key_m6': 
7, 'department_id_m6': 
'236082', 
'department_name_m6': 
'236082-Home Health Aide 
Lowell', 'is_active_m6': 
True, 'start_date_m6': 
Timestamp('2025-12-04 
00:00:00'), 'end_date_m6': 
None, 'department_key_m7': 
8, 'department_id_m7': 
'71200', 
'department_name_m7': 
'71200-Cardiology', 
'is_active_m7': True, 
'start_date_m7': 
Timestamp('2025-12-04 
00:00:00'), 'end_date_m7': 
None, 'department_key_m8': 
9, 'department_id_m8': 
'75000' ... 128 parameters 
truncated ... 
'start_date_m29': 
Timestamp('2025-12-04 
00:00:00'), 'end_date_m29': 
None, 'department_key_m30': 
31, 'department_id_m30': 
'241037', 
'department_name_m30': 
'241037-RN Law Home Health', 
'is_active_m30': True, 
'start_date_m30': 
Timestamp('2025-12-04 
00:00:00'), 'end_date_m30': 
None, 'department_key_m31': 
32, 'department_id_m31': 
'98230', 
'department_name_m31': 
'98230-Urgent Care 
Tewksbury', 'is_active_m31': 
True, 'start_date_m31': 
Timestamp('2025-12-04 
00:00:00'), 'end_date_m31': 
None, 'department_key_m32': 
33, 'department_id_m32': 
'69200', 
'department_name_m32': 
'69200-Operating Room', 
'is_active_m32': True, 
'start_date_m32': 
Timestamp('2025-12-04 
00:00:00'), 'end_date_m32': 
None, 'department_key_m33': 
34, 'department_id_m33': 
'73480', 
'department_name_m33': 
'73480-Sleep Lab LSC', 
'is_active_m33': True, 
'start_date_m33': 
Timestamp('2025-12-04 
00:00:00'), 'end_date_m33': 
None, 'department_key_m34': 
35, 'department_id_m34': 
'60900', 
'department_name_m34': 
'60900-Special Care 
Nursery', 'is_active_m34': 
True, 'start_date_m34': 
Timestamp('2025-12-04 
00:00:00'), 'end_date_m34': 
None, 'department_key_m35': 
36, 'department_id_m35': 
'72640', 
'department_name_m35': 
'72640-Anticoagulation 
Services', 'is_active_m35': 
True, 'start_date_m35': 
Timestamp('2025-12-04 
00:00:00'), 'end_date_m35': 
None, 'department_key_m36': 
37, 'department_id_m36': 
'60700', 
'department_name_m36': 
'60700-Mother-Infant Unit', 
'is_active_m36': True, 
'start_date_m36': 
Timestamp('2025-12-04 
00:00:00'), 'end_date_m36': 
None, 'department_key_m37': 
38, 'department_id_m37': 
'73600', 
'department_name_m37': 
'73600-Respiratory Therapy', 
'is_active_m37': True, 
'start_date_m37': 
Timestamp('2025-12-04 
00:00:00'), 'end_date_m37': 
None}]
(Background on this error 
at: https://sqlalche.me/e/20/
f405)
